{
  "user": {
    "created": 1234567890,
    "defaultWorkspaceId": 1,
    "email": "karn@maek.ai",
    "id": 1,
    "name": "Karn",
    "role": "admin",
    "updated": 1234567890,
    "verified": false
  },
  "workspaces": [
    {
      "created": 1234567890,
      "description": "default workspace",
      "id": 1,
      "name": "default",
      "updated": 1234567890
    }
  ]
}