{
  "password": "Must be at least 6 characters long"
}