{
  "name": "Must be at most 200 characters long"
}