{
  "data": null,
  "error": {
    "detail": "mail: missing '@' or angle-addr",
    "title": "Invalid email",
    "type": "warning"
  },
  "meta": null
}