{
  "accounts": [],
  "user": {
    "created": 1234567890,
    "email": "karn@maek.ai",
    "id": 1,
    "name": "Karn",
    "role": "admin",
    "updated": 1234567890,
    "verified": false
  }
}