{
  "data": null,
  "error": {
    "detail": "Please check your email and try again.",
    "title": "User not found",
    "type": "warning"
  },
  "meta": null
}