{
  "data": null,
  "error": {
    "detail": "Password must be at least 6 characters long",
    "title": "Invalid password",
    "type": "warning"
  },
  "meta": null
}