{
  "accounts": [
    {
      "created": 1234567890,
      "description": "default account",
      "id": 1,
      "name": "default",
      "updated": 1234567890
    }
  ],
  "user": {
    "created": 1234567890,
    "defaultAccountId": 1,
    "email": "karn@maek.ai",
    "id": 1,
    "name": "Karn",
    "role": "admin",
    "updated": 1234567890,
    "verified": false
  }
}