{
  "error": {
    "detail": "Password must be at most 64 characters long",
    "title": "Invalid password",
    "type": "warning"
  }
}