{
  "error": {
    "detail": "It must be at most 200 characters long",
    "title": "Invalid name",
    "type": "error"
  }
}