{
  "nextCursor": "MQ==",
  "notes": [
    {
      "content": {
        "foo": "bar"
      },
      "created": 1234567890,
      "createdBy": {
        "created": 1234567890,
        "defaultWorkspaceId": 1,
        "email": "karn@maek.ai",
        "id": 1,
        "name": "Karn",
        "role": "admin",
        "updated": 1234567890,
        "verified": false
      },
      "favorite": true,
      "id": 1,
      "trashed": false,
      "updated": 1234567890,
      "updatedBy": {
        "created": 1234567890,
        "defaultWorkspaceId": 1,
        "email": "karn@maek.ai",
        "id": 1,
        "name": "Karn",
        "role": "admin",
        "updated": 1234567890,
        "verified": false
      },
      "uuid": "123",
      "workspaceId": 1
    }
  ]
}