{
  "nextCursor": "NA==",
  "notes": [
    {
      "content": {
        "foo": "bar"
      },
      "created": 1234567890,
      "createdBy": {
        "created": 1234567890,
        "defaultWorkspaceId": 1,
        "email": "karn@maek.ai",
        "id": 1,
        "name": "Karn",
        "role": "admin",
        "updated": 1234567890,
        "verified": false
      },
      "favorite": true,
      "hasAudios": false,
      "hasClosedTasks": false,
      "hasCode": false,
      "hasContent": true,
      "hasFiles": false,
      "hasImages": false,
      "hasLinks": false,
      "hasOpenTasks": false,
      "hasQuotes": false,
      "hasTables": false,
      "hasVideos": false,
      "id": 1,
      "trashed": false,
      "updated": 1234567890,
      "updatedBy": {
        "created": 1234567890,
        "defaultWorkspaceId": 1,
        "email": "karn@maek.ai",
        "id": 1,
        "name": "Karn",
        "role": "admin",
        "updated": 1234567890,
        "verified": false
      },
      "uuid": "rand-uuid-1",
      "workspaceId": 1
    },
    {
      "content": {
        "foo": "bar"
      },
      "created": 1234567890,
      "createdBy": {
        "created": 1234567890,
        "defaultWorkspaceId": 1,
        "email": "karn@maek.ai",
        "id": 1,
        "name": "Karn",
        "role": "admin",
        "updated": 1234567890,
        "verified": false
      },
      "favorite": true,
      "hasAudios": false,
      "hasClosedTasks": false,
      "hasCode": false,
      "hasContent": true,
      "hasFiles": false,
      "hasImages": false,
      "hasLinks": false,
      "hasOpenTasks": false,
      "hasQuotes": false,
      "hasTables": false,
      "hasVideos": false,
      "id": 2,
      "trashed": false,
      "updated": 1234567890,
      "updatedBy": {
        "created": 1234567890,
        "defaultWorkspaceId": 1,
        "email": "karn@maek.ai",
        "id": 1,
        "name": "Karn",
        "role": "admin",
        "updated": 1234567890,
        "verified": false
      },
      "uuid": "rand-uuid-2",
      "workspaceId": 1
    },
    {
      "content": {
        "foo": "bar"
      },
      "created": 1234567890,
      "createdBy": {
        "created": 1234567890,
        "defaultWorkspaceId": 1,
        "email": "karn@maek.ai",
        "id": 1,
        "name": "Karn",
        "role": "admin",
        "updated": 1234567890,
        "verified": false
      },
      "favorite": true,
      "hasAudios": false,
      "hasClosedTasks": false,
      "hasCode": false,
      "hasContent": true,
      "hasFiles": false,
      "hasImages": false,
      "hasLinks": false,
      "hasOpenTasks": false,
      "hasQuotes": false,
      "hasTables": false,
      "hasVideos": false,
      "id": 3,
      "trashed": false,
      "updated": 1234567890,
      "updatedBy": {
        "created": 1234567890,
        "defaultWorkspaceId": 1,
        "email": "karn@maek.ai",
        "id": 1,
        "name": "Karn",
        "role": "admin",
        "updated": 1234567890,
        "verified": false
      },
      "uuid": "rand-uuid-3",
      "workspaceId": 1
    },
    {
      "content": {
        "foo": "bar"
      },
      "created": 1234567890,
      "createdBy": {
        "created": 1234567890,
        "defaultWorkspaceId": 1,
        "email": "karn@maek.ai",
        "id": 1,
        "name": "Karn",
        "role": "admin",
        "updated": 1234567890,
        "verified": false
      },
      "favorite": true,
      "hasAudios": false,
      "hasClosedTasks": false,
      "hasCode": false,
      "hasContent": true,
      "hasFiles": false,
      "hasImages": false,
      "hasLinks": false,
      "hasOpenTasks": false,
      "hasQuotes": false,
      "hasTables": false,
      "hasVideos": false,
      "id": 4,
      "trashed": false,
      "updated": 1234567890,
      "updatedBy": {
        "created": 1234567890,
        "defaultWorkspaceId": 1,
        "email": "karn@maek.ai",
        "id": 1,
        "name": "Karn",
        "role": "admin",
        "updated": 1234567890,
        "verified": false
      },
      "uuid": "rand-uuid-4",
      "workspaceId": 1
    }
  ]
}