{
  "note": {
    "content": {
      "dom": "some text"
    },
    "created": 1234567890,
    "createdById": 1,
    "favorite": true,
    "hasAudios": false,
    "hasClosedTasks": false,
    "hasCode": false,
    "hasContent": false,
    "hasFiles": false,
    "hasImages": false,
    "hasLinks": false,
    "hasOpenTasks": false,
    "hasQuotes": false,
    "hasTables": false,
    "hasVideos": false,
    "id": 1,
    "trashed": false,
    "updated": 9999999999,
    "updatedById": 1,
    "uuid": "123",
    "workspaceId": 1
  }
}